// Vitest Snapshot v1

exports[`ExpansionCard > renders SetCard snapshot 1`] = `
<div>
  <div
    class="h-full rounded-lg border border-gray-200 bg-white p-4 shadow-md dark:border-gray-700 dark:bg-gray-800"
  >
    <div
      class="flex h-full flex-col"
    >
      <div
        class="mb-4 flex justify-center"
      >
        <img
          alt="Lost Origin logo"
          class="w-full max-w-xs"
          src="https://images.pokemontcg.io/swsh11/logo.png"
        />
      </div>
      <div
        class="mt-auto"
      >
        <h5
          class="mb-2 text-2xl font-bold tracking-tight text-gray-900 dark:text-white"
        >
          Lost Origin
        </h5>
        <p
          class="mb-3 font-normal text-gray-700 dark:text-gray-400"
        >
          Sword & Shield
           - 
          2022/09/09
        </p>
      </div>
    </div>
  </div>
</div>
`;
