// Vitest Snapshot v1

exports[`Button > renders Button snapshot 1`] = `
<div>
  <button
    class="inline-flex px-4 py-2 rounded justify-center items-center bg-blue-500 text-white hover:bg-blue-600 border-blue-500"
  />
</div>
`;
