// Vitest Snapshot v1

exports[`Card > renders Card snapshot 1`] = `
<div>
  <div
    class="h-full rounded-lg border border-gray-200 bg-white p-4 shadow-md dark:border-gray-700 dark:bg-gray-800"
  >
    Test
  </div>
</div>
`;
